
========================================================================
1. ADAPTER PARSE (cgi_or_historical, per-underlying selection)
========================================================================

--- parse underlying='SPY' ---
rows_total=32672 rows_mapped=7599 duplicates=0
zero_greeks=31 zero_bid=723 early_close=0 nonstandard_delivery=0
sessions=['2023-08-25'] contracts=7630
distinct_expiries=29 first=2023-08-25 last=2025-12-19
source_sha256=1732795c0b38ad0dec0f66dff30e2de4dbbd41423a375f6a166a137319e74dd7
issues_count=5 head=['unselected underlying TSLA: 4238 rows counted, not mapped', 'unselected underlying ^SPX: 19366 rows counted, not mapped', 'unselected underlying ^VIX: 1438 rows counted, not mapped']

--- parse underlying='TSLA' ---
rows_total=32672 rows_mapped=4075 duplicates=0
zero_greeks=163 zero_bid=259 early_close=0 nonstandard_delivery=0
sessions=['2023-08-25'] contracts=4238
distinct_expiries=19 first=2023-08-25 last=2025-12-19
source_sha256=1732795c0b38ad0dec0f66dff30e2de4dbbd41423a375f6a166a137319e74dd7
issues_count=5 head=['unselected underlying SPY: 7630 rows counted, not mapped', 'unselected underlying ^SPX: 19366 rows counted, not mapped', 'unselected underlying ^VIX: 1438 rows counted, not mapped']

--- parse underlying='^SPX' ---
rows_total=32672 rows_mapped=16277 duplicates=2972
zero_greeks=117 zero_bid=864 early_close=0 nonstandard_delivery=0
sessions=['2023-08-25'] contracts=16394
distinct_expiries=50 first=2023-08-25 last=2028-12-15
source_sha256=1732795c0b38ad0dec0f66dff30e2de4dbbd41423a375f6a166a137319e74dd7
issues_count=2977 head=['row 22728: duplicate contract row OPT-^SPX-230915-C-00020000 — refused', 'row 22729: duplicate contract row OPT-^SPX-230915-P-00020000 — refused', 'row 22730: duplicate contract row OPT-^SPX-230915-C-00040000 — refused']

--- parse underlying='^VIX' ---
REFUSED: CboeEodUnderlyingQuoteError: session 2023-08-25: degenerate underlying quote 0.0000/0.0000 — refusing rather than ingesting zeros as tradable quotes

--- unselected multi-underlying file without selection (contract) ---
REFUSED (expected): CboeEodMultiUnderlyingError: UnderlyingOptionsEODCalcs_2023-08-25_cgi_or_historical.csv: multiple underlyings ['SPY', 'TSLA'] — pass underlying=<symbol> to select one

--- no_cgi variant on an index underlying (license flattening) ---
REFUSED (expected): IndexUnderlyingNotLicensedError: UnderlyingOptionsEODCalcs_2023-08-25_no_cgi_subscription.csv: underlying ^SPX has zeroed underlying quotes in the no_cgi variant — refusing rather than ingesting zeros
--- same file parsed WITHOUT declaring the variant (defense in depth) ---
REFUSED (degenerate-quote backstop): CboeEodUnderlyingQuoteError: session 2023-08-25: degenerate underlying quote 0.0000/0.0000 — refusing rather than ingesting zeros as tradable quotes

========================================================================
2. OptionPitSurface SMOKE QUERIES (SPY, UNMODIFIED surface)
========================================================================
publication_of(2023-08-25) = 2023-08-28T13:00:00+00:00
visible_file_session: before-wall=None at-wall=2023-08-25 after=2023-08-25
live_expiries_as_of(after) count=29 first=2023-08-25 last=2025-12-19
strike_ladder(first live expiry 2023-08-25): depth=158 min=275.00 max=540.00
deepest ladder: expiry 2023-12-15 depth=240
spot_mid_as_of(after) = 440.7900
visible file: session=2023-08-25 received_at=2023-08-28T13:00:00+00:00 underlying 440.7800/440.8000
contracts_as_of(after)=7630 contracts_existing_on(2023-08-25)=7630

probe contract OPT-SPY-230825-C-00044100 (front expiry 2023-08-25, strike 441.00, spot-mid 440.7900):
  entry_as_of: abs_delta=0.4077 oi=17981 vol=261509
  quote_1545 present=True eod=0.0000/0.0100
  quote_history: 2 event(s)
    exchange=2023-08-25T19:45:00+00:00 received=2023-08-28T13:00:00+00:00 0.2700/0.2800 sizes 99/291 cond=regular
    exchange=2023-08-25T20:00:00+00:00 received=2023-08-28T13:00:00+00:00 0.0000/0.0100 sizes 0/572 cond=regular
  visible_quotes_as_of(after): 2 event(s)
  candidate_snapshot(decision_session=2023-08-25): the T+1 gate on real data —
    REFUSED (expected, T+1): NoOptionFileError: no option file for SPY visible at 2023-08-25 20:00:00+00:00 — a close(t) decision can never see file(t), which publishes 09:00 ET t+1

manifest round-trip VERIFIED: content_sha256=8a8ff05659541f9f… master_sha256=e27a9ba74f75c43a… contract_count=7630

========================================================================
3. COVERAGE INSPECTOR CLI (per underlying)
========================================================================

--- inspect --underlying SPY ---
# Cboe EOD options coverage — UnderlyingOptionsEODCalcs_2023-08-25_cgi_or_historical.csv

- source: `/home/alexk/m2-evidence/cboe-sample/UnderlyingOptionsEODCalcs_2023-08-25_cgi_or_historical.csv` (sha256 `1732795c0b38…`)
- variant: `cgi_or_historical`
- rows: total=32672 mapped=7599 duplicates=0 issues=5
- odd rows: zero-greeks=31 zero-bid=723 nonstandard-delivery=0
- scope: underlyings=1 underlying-days=1 contract-rows=7599 distinct-contracts=7599
- quality: zero-bid 0.00% | zero-greeks 0.00%
- underlying quote violations: crossed=0 zero-bid-underlying=0

## Underlying-days

| underlying | session | contracts | expiries | min K | max K | maxK/minK | spot mid | zero-bid | zero-greeks | early |
|---|---|---|---|---|---|---|---|---|---|---|
| SPY | 2023-08-25 | 7599 | 29 | 120.00 | 720.00 | 6.0000 | 440.7900 | 0 | 0 | no |

- early-close sessions: 0 (parse stats == files)
## Aggregate spreads ((ask-bid)/mid, EOD snapshot, mid>0)

| band | n | median | p90 | prior |
|---|---|---|---|---|
| ATM (0.30<=|delta|<=0.60) | 711 | 1.17% | 13.33% | ~1-2% of mid at-the-money (spike m3 §6.3) |
| wings (other, delta>0) | 6888 | 3.13% | 200.00% | wider than ATM (spike m3 §6.3) |

## Concentration

- delta band 0.30-0.60: OI 16.10% volume 20.55%
- nearest-4 expiries: OI 9.30% volume 70.59%

## Delivery codes (rows)

- standard=7599 nonstandard=0
## SPY — spreads, concentration, delivery

| band | n | median | p90 | prior |
|---|---|---|---|---|
| ATM (0.30<=|delta|<=0.60) | 711 | 1.17% | 13.33% | ~1-2% of mid at-the-money (spike m3 §6.3) |
| wings (other, delta>0) | 6888 | 3.13% | 200.00% | wider than ATM (spike m3 §6.3) |

## Concentration

- delta band 0.30-0.60: OI 16.10% volume 20.55%
- nearest-4 expiries: OI 9.30% volume 70.59%

## Delivery codes (rows)

- standard=7599 nonstandard=0
## NOT_EVALUABLE inputs

- spans_earnings: NOT_EVALUABLE — no earnings events source exists in the Cboe EOD product (spike §6.7, plan §4): the candidate filter must see NOT_EVALUABLE for real data, never a silently False flag

--- inspect --underlying TSLA ---
# Cboe EOD options coverage — UnderlyingOptionsEODCalcs_2023-08-25_cgi_or_historical.csv

- source: `/home/alexk/m2-evidence/cboe-sample/UnderlyingOptionsEODCalcs_2023-08-25_cgi_or_historical.csv` (sha256 `1732795c0b38…`)
- variant: `cgi_or_historical`
- rows: total=32672 mapped=4075 duplicates=0 issues=5
- odd rows: zero-greeks=163 zero-bid=259 nonstandard-delivery=0
- scope: underlyings=1 underlying-days=1 contract-rows=4075 distinct-contracts=4075
- quality: zero-bid 0.00% | zero-greeks 0.00%
- underlying quote violations: crossed=0 zero-bid-underlying=0

## Underlying-days

| underlying | session | contracts | expiries | min K | max K | maxK/minK | spot mid | zero-bid | zero-greeks | early |
|---|---|---|---|---|---|---|---|---|---|---|
| TSLA | 2023-08-25 | 4075 | 19 | 1.67 | 825.00 | 494.0120 | 238.3300 | 0 | 0 | no |

- early-close sessions: 0 (parse stats == files)
## Aggregate spreads ((ask-bid)/mid, EOD snapshot, mid>0)

| band | n | median | p90 | prior |
|---|---|---|---|---|
| ATM (0.30<=|delta|<=0.60) | 485 | 1.67% | 3.54% | ~1-2% of mid at-the-money (spike m3 §6.3) |
| wings (other, delta>0) | 3590 | 3.40% | 100.00% | wider than ATM (spike m3 §6.3) |

## Concentration

- delta band 0.30-0.60: OI 16.59% volume 13.27%
- nearest-4 expiries: OI 29.83% volume 91.20%

## Delivery codes (rows)

- standard=4075 nonstandard=0
## TSLA — spreads, concentration, delivery

| band | n | median | p90 | prior |
|---|---|---|---|---|
| ATM (0.30<=|delta|<=0.60) | 485 | 1.67% | 3.54% | ~1-2% of mid at-the-money (spike m3 §6.3) |
| wings (other, delta>0) | 3590 | 3.40% | 100.00% | wider than ATM (spike m3 §6.3) |

## Concentration

- delta band 0.30-0.60: OI 16.59% volume 13.27%
- nearest-4 expiries: OI 29.83% volume 91.20%

## Delivery codes (rows)

- standard=4075 nonstandard=0
## NOT_EVALUABLE inputs

- spans_earnings: NOT_EVALUABLE — no earnings events source exists in the Cboe EOD product (spike §6.7, plan §4): the candidate filter must see NOT_EVALUABLE for real data, never a silently False flag

--- inspect --underlying ^SPX ---
# Cboe EOD options coverage — UnderlyingOptionsEODCalcs_2023-08-25_cgi_or_historical.csv

- source: `/home/alexk/m2-evidence/cboe-sample/UnderlyingOptionsEODCalcs_2023-08-25_cgi_or_historical.csv` (sha256 `1732795c0b38…`)
- variant: `cgi_or_historical`
- rows: total=32672 mapped=16277 duplicates=2972 issues=2977
- odd rows: zero-greeks=117 zero-bid=864 nonstandard-delivery=0
- scope: underlyings=1 underlying-days=1 contract-rows=16277 distinct-contracts=16277
- quality: zero-bid 1.06% | zero-greeks 0.00%
- underlying quote violations: crossed=0 zero-bid-underlying=0

## Underlying-days

| underlying | session | contracts | expiries | min K | max K | maxK/minK | spot mid | zero-bid | zero-greeks | early |
|---|---|---|---|---|---|---|---|---|---|---|
| ^SPX | 2023-08-25 | 16277 | 50 | 100.00 | 12000.00 | 120.0000 | 4413.9050 | 173 | 0 | no |

- early-close sessions: 0 (parse stats == files)
## Aggregate spreads ((ask-bid)/mid, EOD snapshot, mid>0)

| band | n | median | p90 | prior |
|---|---|---|---|---|
| ATM (0.30<=|delta|<=0.60) | 2133 | 1.29% | 2.31% | ~1-2% of mid at-the-money (spike m3 §6.3) |
| wings (other, delta>0) | 13971 | 2.38% | 66.67% | wider than ATM (spike m3 §6.3) |

## Concentration

- delta band 0.30-0.60: OI 14.12% volume 14.88%
- nearest-4 expiries: OI 5.29% volume 68.48%

## Delivery codes (rows)

- standard=16277 nonstandard=0
## ^SPX — spreads, concentration, delivery

| band | n | median | p90 | prior |
|---|---|---|---|---|
| ATM (0.30<=|delta|<=0.60) | 2133 | 1.29% | 2.31% | ~1-2% of mid at-the-money (spike m3 §6.3) |
| wings (other, delta>0) | 13971 | 2.38% | 66.67% | wider than ATM (spike m3 §6.3) |

## Concentration

- delta band 0.30-0.60: OI 14.12% volume 14.88%
- nearest-4 expiries: OI 5.29% volume 68.48%

## Delivery codes (rows)

- standard=16277 nonstandard=0
## NOT_EVALUABLE inputs

- spans_earnings: NOT_EVALUABLE — no earnings events source exists in the Cboe EOD product (spike §6.7, plan §4): the candidate filter must see NOT_EVALUABLE for real data, never a silently False flag

SHAKEDOWN COMPLETE
machine capture: /tmp/m4-shakedown-machine.json
