...............................................................F
=================================== FAILURES ===================================
___________________ test_corrupted_backup_is_never_published ___________________

world = World(cal=<tree_options.time.calendar.StaticSessionCalendar object at 0x7f7d7d855fd0>, session=datetime.date(2025, 3, ...: None}], 'surfaced': [], 'rows': {}}, root=PosixPath('/tmp/pytest-of-root/pytest-18/test_corrupted_backup_is_never0'))

    def test_corrupted_backup_is_never_published(world):
        with EvidenceStore(world.db) as store:
            with store.atomic():
                store.put('queue', 'one', {'value': 1}, world.now)
            store.conn.execute("DELETE FROM objects")
            destination = world.root / 'backup.sqlite3'
            with pytest.raises(EvidenceError):
                store.backup(destination)
            assert not destination.exists()
>           assert not list(world.root.glob('.desk-backup-*'))
E           AssertionError: assert not [PosixPath('/tmp/pytest-of-root/pytest-18/test_corrupted_backup_is_never0/.desk-backup-ohdoh7ai-shm'), PosixPath('/tmp/pytest-of-root/pytest-18/test_corrupted_backup_is_never0/.desk-backup-ohdoh7ai-wal')]
E            +  where [PosixPath('/tmp/pytest-of-root/pytest-18/test_corrupted_backup_is_never0/.desk-backup-ohdoh7ai-shm'), PosixPath('/tmp/pytest-of-root/pytest-18/test_corrupted_backup_is_never0/.desk-backup-ohdoh7ai-wal')] = list(<map object at 0x7f7d7cb2ad70>)
E            +    where <map object at 0x7f7d7cb2ad70> = glob('.desk-backup-*')
E            +      where glob = PosixPath('/tmp/pytest-of-root/pytest-18/test_corrupted_backup_is_never0').glob
E            +        where PosixPath('/tmp/pytest-of-root/pytest-18/test_corrupted_backup_is_never0') = World(cal=<tree_options.time.calendar.StaticSessionCalendar object at 0x7f7d7d855fd0>, session=datetime.date(2025, 3, ...: None}], 'surfaced': [], 'rows': {}}, root=PosixPath('/tmp/pytest-of-root/pytest-18/test_corrupted_backup_is_never0')).root

tests/desk_safety/test_evidence.py:102: AssertionError
=========================== short test summary info ============================
FAILED tests/desk_safety/test_evidence.py::test_corrupted_backup_is_never_published - AssertionError: assert not [PosixPath('/tmp/pytest-of-root/pytest-18/test_corrupted_backup_is_never0/.desk-backup-ohdoh7ai-shm'), PosixPath('/tmp/pytest-of-root/pytest-18/test_corrupted_backup_is_never0/.desk-backup-ohdoh7ai-wal')]
 +  where [PosixPath('/tmp/pytest-of-root/pytest-18/test_corrupted_backup_is_never0/.desk-backup-ohdoh7ai-shm'), PosixPath('/tmp/pytest-of-root/pytest-18/test_corrupted_backup_is_never0/.desk-backup-ohdoh7ai-wal')] = list(<map object at 0x7f7d7cb2ad70>)
 +    where <map object at 0x7f7d7cb2ad70> = glob('.desk-backup-*')
 +      where glob = PosixPath('/tmp/pytest-of-root/pytest-18/test_corrupted_backup_is_never0').glob
 +        where PosixPath('/tmp/pytest-of-root/pytest-18/test_corrupted_backup_is_never0') = World(cal=<tree_options.time.calendar.StaticSessionCalendar object at 0x7f7d7d855fd0>, session=datetime.date(2025, 3, ...: None}], 'surfaced': [], 'rows': {}}, root=PosixPath('/tmp/pytest-of-root/pytest-18/test_corrupted_backup_is_never0')).root
!!!!!!!!!!!!!!!!!!!!!!!!!! stopping after 1 failures !!!!!!!!!!!!!!!!!!!!!!!!!!!
1 failed, 63 passed in 1.72s
