.........................FFFFF.                                          [100%]
=================================== FAILURES ===================================
______ test_malformed_nested_shapes_fail_as_contract_errors[exits-value0] ______

world = World(cal=<tree_options.time.calendar.StaticSessionCalendar object at 0x7f731bbc63d0>, session=datetime.date(2025, 3, ...': None}], 'surfaced': [], 'rows': {}}, root=PosixPath('/tmp/pytest-of-root/pytest-4/test_malformed_nested_shapes_f0'))
field = 'exits', value = []

    @pytest.mark.parametrize('field,value', [
        ('exits', []), ('exits', None), ('legs', None), ('legs', 3),
        ('exits', {'take_profit': []}), ('legs', [{'right': [], 'strike': '100'}]),
    ])
    def test_malformed_nested_shapes_fail_as_contract_errors(world, field, value):
        from tree_options.desk.contracts import parse_queue, parse_deal
        q = parse_queue(world.queue, world.cal)
        row = copy.deepcopy(world.queue['admissible'][0])
        row['structure'][field] = value
        with pytest.raises(ContractError):
>           parse_deal(row, q, world.cal)

tests/desk_safety/test_contracts.py:97:
_ _ _ _ _ _ _ _ _ _ _ _ _ _ _ _ _ _ _ _ _ _ _ _ _ _ _ _ _ _ _ _ _ _ _ _ _ _ _ _

doc = {'deal_id': '2025-03-03:R1:AAPL:example', 'decision': {'basis': 'xsmom', 'ev': '12.00', 'ev_per_max_loss': '0.0543', 'ev_stress_fill': '3.00'}, 'entry_session': '2025-03-04', 'exit_deadline': '2025-03-10', ...}
queue = Queue(raw={'schema': 'trex.deal/1', 'session': '2025-03-03', 'entry_session': '2025-03-04', 'decision_cutoff': '2025-0...'basis': 'xsmom', 'ev': '12.00', 'ev_stress_fill': '3.00', 'ev_per_max_loss': '0.0543'}, 'rails': None},), surfaced=())
cal = <tree_options.time.calendar.StaticSessionCalendar object at 0x7f731bbc63d0>

    def parse_deal(doc: Mapping[str, Any], queue: Queue, cal: Calendar) -> Deal:
        if not isinstance(doc, Mapping):
            raise ContractError("deal_object")
        raw = copy.deepcopy(dict(doc))
        did = identifier(raw.get("deal_id"))
        identifier(raw.get("row"))
        if not isinstance(raw.get("underlying"), str) or not _SYMBOL.fullmatch(raw["underlying"]):
            raise ContractError("underlying")
        if type(raw.get("quantity")) is not int or raw["quantity"] < 1:
            raise ContractError("quantity")
        structure = raw.get("structure")
        if not isinstance(structure, dict) or type(structure.get("quantity")) is not int:
            raise ContractError("structure_invalid")
        for key in ("limit", "ref_mid"):
            money(structure.get(key))
            money(raw.get(key))
        for ex in ("take_profit", "stop_loss"):
>           rule = structure.get("exits", {}).get(ex)
                   ^^^^^^^^^^^^^^^^^^^^^^^^^^^^^^
E           AttributeError: 'list' object has no attribute 'get'

src/tree_options/desk/contracts.py:203: AttributeError
_______ test_malformed_nested_shapes_fail_as_contract_errors[exits-None] _______

world = World(cal=<tree_options.time.calendar.StaticSessionCalendar object at 0x7f731ba60a50>, session=datetime.date(2025, 3, ...': None}], 'surfaced': [], 'rows': {}}, root=PosixPath('/tmp/pytest-of-root/pytest-4/test_malformed_nested_shapes_f1'))
field = 'exits', value = None

    @pytest.mark.parametrize('field,value', [
        ('exits', []), ('exits', None), ('legs', None), ('legs', 3),
        ('exits', {'take_profit': []}), ('legs', [{'right': [], 'strike': '100'}]),
    ])
    def test_malformed_nested_shapes_fail_as_contract_errors(world, field, value):
        from tree_options.desk.contracts import parse_queue, parse_deal
        q = parse_queue(world.queue, world.cal)
        row = copy.deepcopy(world.queue['admissible'][0])
        row['structure'][field] = value
        with pytest.raises(ContractError):
>           parse_deal(row, q, world.cal)

tests/desk_safety/test_contracts.py:97:
_ _ _ _ _ _ _ _ _ _ _ _ _ _ _ _ _ _ _ _ _ _ _ _ _ _ _ _ _ _ _ _ _ _ _ _ _ _ _ _

doc = {'deal_id': '2025-03-03:R1:AAPL:example', 'decision': {'basis': 'xsmom', 'ev': '12.00', 'ev_per_max_loss': '0.0543', 'ev_stress_fill': '3.00'}, 'entry_session': '2025-03-04', 'exit_deadline': '2025-03-10', ...}
queue = Queue(raw={'schema': 'trex.deal/1', 'session': '2025-03-03', 'entry_session': '2025-03-04', 'decision_cutoff': '2025-0...'basis': 'xsmom', 'ev': '12.00', 'ev_stress_fill': '3.00', 'ev_per_max_loss': '0.0543'}, 'rails': None},), surfaced=())
cal = <tree_options.time.calendar.StaticSessionCalendar object at 0x7f731ba60a50>

    def parse_deal(doc: Mapping[str, Any], queue: Queue, cal: Calendar) -> Deal:
        if not isinstance(doc, Mapping):
            raise ContractError("deal_object")
        raw = copy.deepcopy(dict(doc))
        did = identifier(raw.get("deal_id"))
        identifier(raw.get("row"))
        if not isinstance(raw.get("underlying"), str) or not _SYMBOL.fullmatch(raw["underlying"]):
            raise ContractError("underlying")
        if type(raw.get("quantity")) is not int or raw["quantity"] < 1:
            raise ContractError("quantity")
        structure = raw.get("structure")
        if not isinstance(structure, dict) or type(structure.get("quantity")) is not int:
            raise ContractError("structure_invalid")
        for key in ("limit", "ref_mid"):
            money(structure.get(key))
            money(raw.get(key))
        for ex in ("take_profit", "stop_loss"):
>           rule = structure.get("exits", {}).get(ex)
                   ^^^^^^^^^^^^^^^^^^^^^^^^^^^^^^
E           AttributeError: 'NoneType' object has no attribute 'get'

src/tree_options/desk/contracts.py:203: AttributeError
_______ test_malformed_nested_shapes_fail_as_contract_errors[legs-None] ________

world = World(cal=<tree_options.time.calendar.StaticSessionCalendar object at 0x7f731ba5ea50>, session=datetime.date(2025, 3, ...': None}], 'surfaced': [], 'rows': {}}, root=PosixPath('/tmp/pytest-of-root/pytest-4/test_malformed_nested_shapes_f2'))
field = 'legs', value = None

    @pytest.mark.parametrize('field,value', [
        ('exits', []), ('exits', None), ('legs', None), ('legs', 3),
        ('exits', {'take_profit': []}), ('legs', [{'right': [], 'strike': '100'}]),
    ])
    def test_malformed_nested_shapes_fail_as_contract_errors(world, field, value):
        from tree_options.desk.contracts import parse_queue, parse_deal
        q = parse_queue(world.queue, world.cal)
        row = copy.deepcopy(world.queue['admissible'][0])
        row['structure'][field] = value
        with pytest.raises(ContractError):
>           parse_deal(row, q, world.cal)

tests/desk_safety/test_contracts.py:97:
_ _ _ _ _ _ _ _ _ _ _ _ _ _ _ _ _ _ _ _ _ _ _ _ _ _ _ _ _ _ _ _ _ _ _ _ _ _ _ _

doc = {'deal_id': '2025-03-03:R1:AAPL:example', 'decision': {'basis': 'xsmom', 'ev': '12.00', 'ev_per_max_loss': '0.0543', 'ev_stress_fill': '3.00'}, 'entry_session': '2025-03-04', 'exit_deadline': '2025-03-10', ...}
queue = Queue(raw={'schema': 'trex.deal/1', 'session': '2025-03-03', 'entry_session': '2025-03-04', 'decision_cutoff': '2025-0...'basis': 'xsmom', 'ev': '12.00', 'ev_stress_fill': '3.00', 'ev_per_max_loss': '0.0543'}, 'rails': None},), surfaced=())
cal = <tree_options.time.calendar.StaticSessionCalendar object at 0x7f731ba5ea50>

    def parse_deal(doc: Mapping[str, Any], queue: Queue, cal: Calendar) -> Deal:
        if not isinstance(doc, Mapping):
            raise ContractError("deal_object")
        raw = copy.deepcopy(dict(doc))
        did = identifier(raw.get("deal_id"))
        identifier(raw.get("row"))
        if not isinstance(raw.get("underlying"), str) or not _SYMBOL.fullmatch(raw["underlying"]):
            raise ContractError("underlying")
        if type(raw.get("quantity")) is not int or raw["quantity"] < 1:
            raise ContractError("quantity")
        structure = raw.get("structure")
        if not isinstance(structure, dict) or type(structure.get("quantity")) is not int:
            raise ContractError("structure_invalid")
        for key in ("limit", "ref_mid"):
            money(structure.get(key))
            money(raw.get(key))
        for ex in ("take_profit", "stop_loss"):
            rule = structure.get("exits", {}).get(ex)
            if rule is not None:
                money(rule.get("value"))
>       inner = [_leg_identity(g) for g in structure.get("legs", [])]
                                           ^^^^^^^^^^^^^^^^^^^^^^^^^
E       TypeError: 'NoneType' object is not iterable

src/tree_options/desk/contracts.py:206: TypeError
_________ test_malformed_nested_shapes_fail_as_contract_errors[legs-3] _________

world = World(cal=<tree_options.time.calendar.StaticSessionCalendar object at 0x7f731ba5eeb0>, session=datetime.date(2025, 3, ...': None}], 'surfaced': [], 'rows': {}}, root=PosixPath('/tmp/pytest-of-root/pytest-4/test_malformed_nested_shapes_f3'))
field = 'legs', value = 3

    @pytest.mark.parametrize('field,value', [
        ('exits', []), ('exits', None), ('legs', None), ('legs', 3),
        ('exits', {'take_profit': []}), ('legs', [{'right': [], 'strike': '100'}]),
    ])
    def test_malformed_nested_shapes_fail_as_contract_errors(world, field, value):
        from tree_options.desk.contracts import parse_queue, parse_deal
        q = parse_queue(world.queue, world.cal)
        row = copy.deepcopy(world.queue['admissible'][0])
        row['structure'][field] = value
        with pytest.raises(ContractError):
>           parse_deal(row, q, world.cal)

tests/desk_safety/test_contracts.py:97:
_ _ _ _ _ _ _ _ _ _ _ _ _ _ _ _ _ _ _ _ _ _ _ _ _ _ _ _ _ _ _ _ _ _ _ _ _ _ _ _

doc = {'deal_id': '2025-03-03:R1:AAPL:example', 'decision': {'basis': 'xsmom', 'ev': '12.00', 'ev_per_max_loss': '0.0543', 'ev_stress_fill': '3.00'}, 'entry_session': '2025-03-04', 'exit_deadline': '2025-03-10', ...}
queue = Queue(raw={'schema': 'trex.deal/1', 'session': '2025-03-03', 'entry_session': '2025-03-04', 'decision_cutoff': '2025-0...'basis': 'xsmom', 'ev': '12.00', 'ev_stress_fill': '3.00', 'ev_per_max_loss': '0.0543'}, 'rails': None},), surfaced=())
cal = <tree_options.time.calendar.StaticSessionCalendar object at 0x7f731ba5eeb0>

    def parse_deal(doc: Mapping[str, Any], queue: Queue, cal: Calendar) -> Deal:
        if not isinstance(doc, Mapping):
            raise ContractError("deal_object")
        raw = copy.deepcopy(dict(doc))
        did = identifier(raw.get("deal_id"))
        identifier(raw.get("row"))
        if not isinstance(raw.get("underlying"), str) or not _SYMBOL.fullmatch(raw["underlying"]):
            raise ContractError("underlying")
        if type(raw.get("quantity")) is not int or raw["quantity"] < 1:
            raise ContractError("quantity")
        structure = raw.get("structure")
        if not isinstance(structure, dict) or type(structure.get("quantity")) is not int:
            raise ContractError("structure_invalid")
        for key in ("limit", "ref_mid"):
            money(structure.get(key))
            money(raw.get(key))
        for ex in ("take_profit", "stop_loss"):
            rule = structure.get("exits", {}).get(ex)
            if rule is not None:
                money(rule.get("value"))
>       inner = [_leg_identity(g) for g in structure.get("legs", [])]
                                           ^^^^^^^^^^^^^^^^^^^^^^^^^
E       TypeError: 'int' object is not iterable

src/tree_options/desk/contracts.py:206: TypeError
______ test_malformed_nested_shapes_fail_as_contract_errors[exits-value4] ______

world = World(cal=<tree_options.time.calendar.StaticSessionCalendar object at 0x7f731ba5f310>, session=datetime.date(2025, 3, ...': None}], 'surfaced': [], 'rows': {}}, root=PosixPath('/tmp/pytest-of-root/pytest-4/test_malformed_nested_shapes_f4'))
field = 'exits', value = {'take_profit': []}

    @pytest.mark.parametrize('field,value', [
        ('exits', []), ('exits', None), ('legs', None), ('legs', 3),
        ('exits', {'take_profit': []}), ('legs', [{'right': [], 'strike': '100'}]),
    ])
    def test_malformed_nested_shapes_fail_as_contract_errors(world, field, value):
        from tree_options.desk.contracts import parse_queue, parse_deal
        q = parse_queue(world.queue, world.cal)
        row = copy.deepcopy(world.queue['admissible'][0])
        row['structure'][field] = value
        with pytest.raises(ContractError):
>           parse_deal(row, q, world.cal)

tests/desk_safety/test_contracts.py:97:
_ _ _ _ _ _ _ _ _ _ _ _ _ _ _ _ _ _ _ _ _ _ _ _ _ _ _ _ _ _ _ _ _ _ _ _ _ _ _ _

doc = {'deal_id': '2025-03-03:R1:AAPL:example', 'decision': {'basis': 'xsmom', 'ev': '12.00', 'ev_per_max_loss': '0.0543', 'ev_stress_fill': '3.00'}, 'entry_session': '2025-03-04', 'exit_deadline': '2025-03-10', ...}
queue = Queue(raw={'schema': 'trex.deal/1', 'session': '2025-03-03', 'entry_session': '2025-03-04', 'decision_cutoff': '2025-0...'basis': 'xsmom', 'ev': '12.00', 'ev_stress_fill': '3.00', 'ev_per_max_loss': '0.0543'}, 'rails': None},), surfaced=())
cal = <tree_options.time.calendar.StaticSessionCalendar object at 0x7f731ba5f310>

    def parse_deal(doc: Mapping[str, Any], queue: Queue, cal: Calendar) -> Deal:
        if not isinstance(doc, Mapping):
            raise ContractError("deal_object")
        raw = copy.deepcopy(dict(doc))
        did = identifier(raw.get("deal_id"))
        identifier(raw.get("row"))
        if not isinstance(raw.get("underlying"), str) or not _SYMBOL.fullmatch(raw["underlying"]):
            raise ContractError("underlying")
        if type(raw.get("quantity")) is not int or raw["quantity"] < 1:
            raise ContractError("quantity")
        structure = raw.get("structure")
        if not isinstance(structure, dict) or type(structure.get("quantity")) is not int:
            raise ContractError("structure_invalid")
        for key in ("limit", "ref_mid"):
            money(structure.get(key))
            money(raw.get(key))
        for ex in ("take_profit", "stop_loss"):
            rule = structure.get("exits", {}).get(ex)
            if rule is not None:
>               money(rule.get("value"))
                      ^^^^^^^^
E               AttributeError: 'list' object has no attribute 'get'

src/tree_options/desk/contracts.py:205: AttributeError
=========================== short test summary info ============================
FAILED tests/desk_safety/test_contracts.py::test_malformed_nested_shapes_fail_as_contract_errors[exits-value0] - AttributeError: 'list' object has no attribute 'get'
FAILED tests/desk_safety/test_contracts.py::test_malformed_nested_shapes_fail_as_contract_errors[exits-None] - AttributeError: 'NoneType' object has no attribute 'get'
FAILED tests/desk_safety/test_contracts.py::test_malformed_nested_shapes_fail_as_contract_errors[legs-None] - TypeError: 'NoneType' object is not iterable
FAILED tests/desk_safety/test_contracts.py::test_malformed_nested_shapes_fail_as_contract_errors[legs-3] - TypeError: 'int' object is not iterable
FAILED tests/desk_safety/test_contracts.py::test_malformed_nested_shapes_fail_as_contract_errors[exits-value4] - AttributeError: 'list' object has no attribute 'get'
5 failed, 26 passed in 0.55s
