SEALED2_HEAD=c9e843058a9def39013bdb3d5be8c8bd70f415e4 LAUNCHED=2026-08-20T19:40:53-06:00
SEALED_WORLD_OK=synth-v1-val-null-701 BARS=672773 CONTRACTS=1789582 PAIRED=87f7b2e9c5a2
SEALED_WORLD_OK=synth-v1-val-null-702 BARS=699723 CONTRACTS=1691520 PAIRED=3111fdec03bb
SEALED_WORLD_OK=synth-v1-val-alpha-710 BARS=696983 CONTRACTS=1692218 PAIRED=74aad1ae7e99
SEALED_WORLD_OK=synth-v1-val-alpha-711 BARS=681519 CONTRACTS=1715424 PAIRED=8bbd31af5196
SEALED_TRIAL=synth-v1-val-alpha-710 ARM=A STATUS=COMPLETED FOLDS=29 POSITIONS=17345 RHO=0.8570455859111423 T=3.4068226134833712
SEALED_TRIAL=synth-v1-val-alpha-710 ARM=B STATUS=COMPLETED FOLDS=29 POSITIONS=17442 RHO=0.3941948134687724 T=14.319997370190924
SEALED_TRIAL=synth-v1-val-alpha-711 ARM=A STATUS=COMPLETED FOLDS=29 POSITIONS=18893 RHO=0.853905042608473 T=2.5365919077927797
SEALED_TRIAL=synth-v1-val-alpha-711 ARM=B STATUS=COMPLETED FOLDS=29 POSITIONS=19037 RHO=0.3936558529784968 T=14.31927035306064
SEALED_TRIAL=synth-v1-val-null-701 ARM=A STATUS=COMPLETED FOLDS=29 POSITIONS=17601 RHO=0.8508135539572027 T=-0.9290663985457767
SEALED_TRIAL=synth-v1-val-null-701 ARM=B STATUS=COMPLETED FOLDS=29 POSITIONS=17596 RHO=0.3437890266707804 T=8.069136032822636
SEALED_TRIAL=synth-v1-val-null-702 ARM=A STATUS=COMPLETED FOLDS=29 POSITIONS=17115 RHO=0.8450752375943017 T=-0.905563078877721
SEALED_TRIAL=synth-v1-val-null-702 ARM=B STATUS=COMPLETED FOLDS=29 POSITIONS=17019 RHO=0.35160707460255985 T=7.325514665891687
SEALED_GATE_VERDICT=FAIL
SEALED_CHECK FAIL synth-v1-val-null-701|B: position SYN-0023 open past expiration 2019-11-01
SEALED_CHECK FAIL synth-v1-val-null-702|B: position SYN-0037 open past expiration 2019-11-01
SEALED_CHECK FAIL synth-v1-val-alpha-710|B: position SYN-0020 open past expiration 2019-11-01
SEALED_CHECK FAIL synth-v1-val-alpha-711|B: position SYN-0057 open past expiration 2019-11-01
SEALED2_GATE_EXIT=4
INPUT_REJECTED: summary stamp git_sha 'e21e20ade591150fe3630e984604ddc635912e18' not in the recorded head set ['3bbb4615', 'b1c9b45b']
INPUT_REJECTED: synth-v1-val-alpha-710|A: stamp git_sha 'e21e20ade591150fe3630e984604ddc635912e18' not in the recorded head set ['3bbb4615', 'b1c9b45b']
INPUT_REJECTED: synth-v1-val-alpha-710|B: stamp git_sha 'e21e20ade591150fe3630e984604ddc635912e18' not in the recorded head set ['3bbb4615', 'b1c9b45b']
INPUT_REJECTED: synth-v1-val-alpha-711|A: stamp git_sha 'e21e20ade591150fe3630e984604ddc635912e18' not in the recorded head set ['3bbb4615', 'b1c9b45b']
INPUT_REJECTED: synth-v1-val-alpha-711|B: stamp git_sha 'e21e20ade591150fe3630e984604ddc635912e18' not in the recorded head set ['3bbb4615', 'b1c9b45b']
INPUT_REJECTED: synth-v1-val-null-701|A: stamp git_sha 'e21e20ade591150fe3630e984604ddc635912e18' not in the recorded head set ['3bbb4615', 'b1c9b45b']
INPUT_REJECTED: synth-v1-val-null-701|B: stamp git_sha 'e21e20ade591150fe3630e984604ddc635912e18' not in the recorded head set ['3bbb4615', 'b1c9b45b']
INPUT_REJECTED: synth-v1-val-null-702|A: stamp git_sha 'e21e20ade591150fe3630e984604ddc635912e18' not in the recorded head set ['3bbb4615', 'b1c9b45b']
INPUT_REJECTED: synth-v1-val-null-702|B: stamp git_sha 'e21e20ade591150fe3630e984604ddc635912e18' not in the recorded head set ['3bbb4615', 'b1c9b45b']
SEALED2_CORRECTION_EXIT=2
